[INFO] Scanning for projects...
[INFO] 
[INFO] --------------------< com.tuckersoft:branch-engine >--------------------
[INFO] Building branch-engine 1.0.0
[INFO]   from pom.xml
[INFO] --------------------------------[ jar ]---------------------------------
[INFO] 
[INFO] >>> spring-boot:3.3.4:run (default-cli) > test-compile @ branch-engine >>>
[INFO] 
[INFO] --- resources:3.3.1:resources (default-resources) @ branch-engine ---
[INFO] Copying 1 resource from src/main/resources to target/classes
[INFO] Copying 0 resource from src/main/resources to target/classes
[INFO] 
[INFO] --- compiler:3.13.0:compile (default-compile) @ branch-engine ---
[INFO] Nothing to compile - all classes are up to date.
[INFO] 
[INFO] --- resources:3.3.1:testResources (default-testResources) @ branch-engine ---
[INFO] skip non existing resourceDirectory /home/utec/Desktop/hackaton-1/src/test/resources
[INFO] 
[INFO] --- compiler:3.13.0:testCompile (default-testCompile) @ branch-engine ---
[INFO] Nothing to compile - all classes are up to date.
[INFO] 
[INFO] <<< spring-boot:3.3.4:run (default-cli) < test-compile @ branch-engine <<<
[INFO] 
[INFO] 
[INFO] --- spring-boot:3.3.4:run (default-cli) @ branch-engine ---
[INFO] Attaching agents: []

  .   ____          _            __ _ _
 /\\ / ___'_ __ _ _(_)_ __  __ _ \ \ \ \
( ( )\___ | '_ | '_| | '_ \/ _` | \ \ \ \
 \\/  ___)| |_)| | | | | || (_| |  ) ) ) )
  '  |____| .__|_| |_|_| |_\__, | / / / /
 =========|_|==============|___/=/_/_/_/

 :: Spring Boot ::                (v3.3.4)

2026-09-21T18:31:57.186-05:00  INFO 73723 --- [           main] c.t.b.BranchEngineApplication            : Starting BranchEngineApplication using Java 26.0.2 with PID 73723 (/home/utec/Desktop/hackaton-1/target/classes started by utec in /home/utec/Desktop/hackaton-1)
2026-09-21T18:31:57.189-05:00  INFO 73723 --- [           main] c.t.b.BranchEngineApplication            : No active profile set, falling back to 1 default profile: "default"
2026-09-21T18:31:57.856-05:00  INFO 73723 --- [           main] .s.d.r.c.RepositoryConfigurationDelegate : Bootstrapping Spring Data JPA repositories in DEFAULT mode.
2026-09-21T18:31:57.923-05:00  INFO 73723 --- [           main] .s.d.r.c.RepositoryConfigurationDelegate : Finished Spring Data repository scanning in 59 ms. Found 3 JPA repository interfaces.
WARNING: A restricted method in java.lang.System has been called
WARNING: java.lang.System::load has been called by org.apache.tomcat.jni.Library in an unnamed module (file:/home/utec/.m2/repository/org/apache/tomcat/embed/tomcat-embed-core/10.1.30/tomcat-embed-core-10.1.30.jar)
WARNING: Use --enable-native-access=ALL-UNNAMED to avoid a warning for callers in this module
WARNING: Restricted methods will be blocked in a future release unless native access is enabled

2026-09-21T18:31:58.575-05:00  INFO 73723 --- [           main] o.s.b.w.embedded.tomcat.TomcatWebServer  : Tomcat initialized with port 8080 (http)
2026-09-21T18:31:58.587-05:00  INFO 73723 --- [           main] o.apache.catalina.core.StandardService   : Starting service [Tomcat]
2026-09-21T18:31:58.588-05:00  INFO 73723 --- [           main] o.apache.catalina.core.StandardEngine    : Starting Servlet engine: [Apache Tomcat/10.1.30]
2026-09-21T18:31:58.636-05:00  INFO 73723 --- [           main] o.a.c.c.C.[Tomcat].[localhost].[/]       : Initializing Spring embedded WebApplicationContext
2026-09-21T18:31:58.636-05:00  INFO 73723 --- [           main] w.s.c.ServletWebServerApplicationContext : Root WebApplicationContext: initialization completed in 1392 ms
2026-09-21T18:31:58.811-05:00  INFO 73723 --- [           main] o.hibernate.jpa.internal.util.LogHelper  : HHH000204: Processing PersistenceUnitInfo [name: default]
2026-09-21T18:31:58.894-05:00  INFO 73723 --- [           main] org.hibernate.Version                    : HHH000412: Hibernate ORM core version 6.5.3.Final
2026-09-21T18:31:58.943-05:00  INFO 73723 --- [           main] o.h.c.internal.RegionFactoryInitiator    : HHH000026: Second-level cache disabled
2026-09-21T18:31:59.238-05:00  INFO 73723 --- [           main] o.s.o.j.p.SpringPersistenceUnitInfo      : No LoadTimeWeaver setup: ignoring JPA class transformer
2026-09-21T18:31:59.285-05:00  INFO 73723 --- [           main] com.zaxxer.hikari.HikariDataSource       : HikariPool-1 - Starting...
2026-09-21T18:31:59.475-05:00  INFO 73723 --- [           main] com.zaxxer.hikari.pool.HikariPool        : HikariPool-1 - Added connection org.postgresql.jdbc.PgConnection@5da57a64
2026-09-21T18:31:59.476-05:00  INFO 73723 --- [           main] com.zaxxer.hikari.HikariDataSource       : HikariPool-1 - Start completed.
2026-09-21T18:32:00.295-05:00  INFO 73723 --- [           main] o.h.e.t.j.p.i.JtaPlatformInitiator       : HHH000489: No JTA platform available (set 'hibernate.transaction.jta.platform' to enable JTA platform integration)
2026-09-21T18:32:00.387-05:00  WARN 73723 --- [           main] o.h.engine.jdbc.spi.SqlExceptionHelper   : SQL Warning Code: 0, SQLState: 00000
2026-09-21T18:32:00.387-05:00  WARN 73723 --- [           main] o.h.engine.jdbc.spi.SqlExceptionHelper   : constraint "uk6e5856l3henowj9fguw4b0rji" of relation "playthroughs" does not exist, skipping
2026-09-21T18:32:00.397-05:00  WARN 73723 --- [           main] o.h.engine.jdbc.spi.SqlExceptionHelper   : SQL Warning Code: 0, SQLState: 00000
2026-09-21T18:32:00.398-05:00  WARN 73723 --- [           main] o.h.engine.jdbc.spi.SqlExceptionHelper   : constraint "ukgywa5p41ci825lmcuoqmwy287" of relation "story_nodes" does not exist, skipping
2026-09-21T18:32:00.418-05:00  INFO 73723 --- [           main] j.LocalContainerEntityManagerFactoryBean : Initialized JPA EntityManagerFactory for persistence unit 'default'
2026-09-21T18:32:00.993-05:00  INFO 73723 --- [           main] r$InitializeUserDetailsManagerConfigurer : Global AuthenticationManager configured with UserDetailsService bean with name customUserDetailsService
2026-09-21T18:32:01.048-05:00  WARN 73723 --- [           main] JpaBaseConfiguration$JpaWebConfiguration : spring.jpa.open-in-view is enabled by default. Therefore, database queries may be performed during view rendering. Explicitly configure spring.jpa.open-in-view to disable this warning
2026-09-21T18:32:02.279-05:00  INFO 73723 --- [           main] o.s.b.w.embedded.tomcat.TomcatWebServer  : Tomcat started on port 8080 (http) with context path '/'
2026-09-21T18:32:02.293-05:00  INFO 73723 --- [           main] c.t.b.BranchEngineApplication            : Started BranchEngineApplication in 5.542 seconds (process running for 5.894)
2026-09-21T18:32:07.667-05:00  INFO 73723 --- [nio-8080-exec-1] o.a.c.c.C.[Tomcat].[localhost].[/]       : Initializing Spring DispatcherServlet 'dispatcherServlet'
2026-09-21T18:32:07.667-05:00  INFO 73723 --- [nio-8080-exec-1] o.s.web.servlet.DispatcherServlet        : Initializing Servlet 'dispatcherServlet'
2026-09-21T18:32:07.668-05:00  INFO 73723 --- [nio-8080-exec-1] o.s.web.servlet.DispatcherServlet        : Completed initialization in 1 ms
